0 verbose cli /opt/homebrew/Cellar/node/24.8.0/bin/node /opt/homebrew/bin/npm
1 info using npm@11.6.0
2 info using node@v24.8.0
3 silly config load:file:/opt/homebrew/lib/node_modules/npm/npmrc
4 silly config load:file:/Users/gersonbarrientos/Documents/GitHub/Mood Brew/.npmrc
5 silly config load:file:/Users/gersonbarrientos/.npmrc
6 silly config load:file:/opt/homebrew/etc/npmrc
7 verbose title npm install
8 verbose argv "install"
9 verbose logfile logs-max:10 dir:/Users/gersonbarrientos/Documents/GitHub/Mood Brew/.npm-cache/_logs/2026-05-17T20_29_30_292Z-
10 verbose logfile /Users/gersonbarrientos/Documents/GitHub/Mood Brew/.npm-cache/_logs/2026-05-17T20_29_30_292Z-debug-0.log
11 silly logfile done cleaning log files
12 silly packumentCache heap:2348810240 maxSize:587202560 maxEntrySize:293601280
13 silly idealTree buildDeps
14 silly fetch manifest gh-pages@^6.3.0
15 silly packumentCache full:https://registry.npmjs.org/gh-pages cache-miss
16 verbose shrinkwrap failed to load node_modules/.package-lock.json out of date, updated: node_modules
17 http fetch GET 200 https://registry.npmjs.org/gh-pages 7341ms (cache miss)
18 silly packumentCache full:https://registry.npmjs.org/gh-pages set size:undefined disposed:false
19 silly placeDep ROOT gh-pages@6.3.0 OK for: mood-brew@0.0.0 want: ^6.3.0
20 silly fetch manifest async@^3.2.4
21 silly packumentCache full:https://registry.npmjs.org/async cache-miss
22 silly fetch manifest globby@^11.1.0
23 silly packumentCache full:https://registry.npmjs.org/globby cache-miss
24 silly fetch manifest fs-extra@^11.1.1
25 silly packumentCache full:https://registry.npmjs.org/fs-extra cache-miss
26 silly fetch manifest commander@^13.0.0
27 silly packumentCache full:https://registry.npmjs.org/commander cache-miss
28 silly fetch manifest filenamify@^4.3.0
29 silly packumentCache full:https://registry.npmjs.org/filenamify cache-miss
30 silly fetch manifest find-cache-dir@^3.3.1
31 silly packumentCache full:https://registry.npmjs.org/find-cache-dir cache-miss
32 silly fetch manifest email-addresses@^5.0.0
33 silly packumentCache full:https://registry.npmjs.org/email-addresses cache-miss
34 http fetch GET 200 https://registry.npmjs.org/async 49ms (cache miss)
35 silly packumentCache full:https://registry.npmjs.org/async set size:undefined disposed:false
36 http fetch GET 200 https://registry.npmjs.org/globby 99ms (cache miss)
37 silly packumentCache full:https://registry.npmjs.org/globby set size:undefined disposed:false
38 http fetch GET 200 https://registry.npmjs.org/fs-extra 101ms (cache miss)
39 silly packumentCache full:https://registry.npmjs.org/fs-extra set size:undefined disposed:false
40 http fetch GET 200 https://registry.npmjs.org/filenamify 104ms (cache miss)
41 silly packumentCache full:https://registry.npmjs.org/filenamify set size:undefined disposed:false
42 http fetch GET 200 https://registry.npmjs.org/email-addresses 108ms (cache miss)
43 silly packumentCache full:https://registry.npmjs.org/email-addresses set size:undefined disposed:false
44 http fetch GET 200 https://registry.npmjs.org/find-cache-dir 116ms (cache miss)
45 silly packumentCache full:https://registry.npmjs.org/find-cache-dir set size:undefined disposed:false
46 http fetch GET 200 https://registry.npmjs.org/commander 134ms (cache revalidated)
47 silly packumentCache full:https://registry.npmjs.org/commander set size:306288 disposed:false
48 silly placeDep ROOT async@3.2.6 OK for: gh-pages@6.3.0 want: ^3.2.4
49 silly placeDep node_modules/gh-pages commander@13.1.0 OK for: gh-pages@6.3.0 want: ^13.0.0
50 silly placeDep ROOT email-addresses@5.0.0 OK for: gh-pages@6.3.0 want: ^5.0.0
51 silly placeDep ROOT filenamify@4.3.0 OK for: gh-pages@6.3.0 want: ^4.3.0
52 silly placeDep ROOT find-cache-dir@3.3.2 OK for: gh-pages@6.3.0 want: ^3.3.1
53 silly placeDep ROOT fs-extra@11.3.5 OK for: gh-pages@6.3.0 want: ^11.1.1
54 silly placeDep ROOT globby@11.1.0 OK for: gh-pages@6.3.0 want: ^11.1.0
55 silly fetch manifest strip-outer@^1.0.1
56 silly packumentCache full:https://registry.npmjs.org/strip-outer cache-miss
57 silly fetch manifest trim-repeated@^1.0.0
58 silly packumentCache full:https://registry.npmjs.org/trim-repeated cache-miss
59 silly fetch manifest filename-reserved-regex@^2.0.0
60 silly packumentCache full:https://registry.npmjs.org/filename-reserved-regex cache-miss
61 silly fetch manifest pkg-dir@^4.1.0
62 silly packumentCache full:https://registry.npmjs.org/pkg-dir cache-miss
63 silly fetch manifest make-dir@^3.0.2
64 silly packumentCache full:https://registry.npmjs.org/make-dir cache-miss
65 silly fetch manifest commondir@^1.0.1
66 silly packumentCache full:https://registry.npmjs.org/commondir cache-miss
67 silly fetch manifest graceful-fs@^4.2.0
68 silly packumentCache full:https://registry.npmjs.org/graceful-fs cache-miss
69 http fetch GET 200 https://registry.npmjs.org/trim-repeated 38ms (cache miss)
70 silly packumentCache full:https://registry.npmjs.org/trim-repeated set size:undefined disposed:false
71 silly fetch manifest jsonfile@^6.0.1
72 silly packumentCache full:https://registry.npmjs.org/jsonfile cache-miss
73 http fetch GET 200 https://registry.npmjs.org/commondir 43ms (cache miss)
74 silly packumentCache full:https://registry.npmjs.org/commondir set size:undefined disposed:false
75 silly fetch manifest universalify@^2.0.0
76 silly packumentCache full:https://registry.npmjs.org/universalify cache-miss
77 http fetch GET 200 https://registry.npmjs.org/filename-reserved-regex 44ms (cache miss)
78 silly packumentCache full:https://registry.npmjs.org/filename-reserved-regex set size:undefined disposed:false
79 silly fetch manifest slash@^3.0.0
80 silly packumentCache full:https://registry.npmjs.org/slash cache-miss
81 http fetch GET 200 https://registry.npmjs.org/strip-outer 47ms (cache miss)
82 silly packumentCache full:https://registry.npmjs.org/strip-outer set size:undefined disposed:false
83 silly fetch manifest ignore@^5.2.0
84 silly packumentCache full:https://registry.npmjs.org/ignore cache-miss
85 http fetch GET 200 https://registry.npmjs.org/pkg-dir 46ms (cache miss)
86 silly packumentCache full:https://registry.npmjs.org/pkg-dir set size:undefined disposed:false
87 silly fetch manifest dir-glob@^3.0.1
88 silly packumentCache full:https://registry.npmjs.org/dir-glob cache-miss
89 http fetch GET 200 https://registry.npmjs.org/make-dir 48ms (cache miss)
90 silly packumentCache full:https://registry.npmjs.org/make-dir set size:undefined disposed:false
91 silly fetch manifest array-union@^2.1.0
92 silly packumentCache full:https://registry.npmjs.org/array-union cache-miss
93 http fetch GET 200 https://registry.npmjs.org/jsonfile 40ms (cache miss)
94 silly packumentCache full:https://registry.npmjs.org/jsonfile set size:undefined disposed:false
95 http fetch GET 200 https://registry.npmjs.org/slash 40ms (cache miss)
96 silly packumentCache full:https://registry.npmjs.org/slash set size:undefined disposed:false
97 http fetch GET 200 https://registry.npmjs.org/ignore 43ms (cache miss)
98 silly packumentCache full:https://registry.npmjs.org/ignore set size:undefined disposed:false
99 http fetch GET 200 https://registry.npmjs.org/universalify 47ms (cache miss)
100 silly packumentCache full:https://registry.npmjs.org/universalify set size:undefined disposed:false
101 http fetch GET 200 https://registry.npmjs.org/array-union 47ms (cache miss)
102 silly packumentCache full:https://registry.npmjs.org/array-union set size:undefined disposed:false
103 http fetch GET 200 https://registry.npmjs.org/dir-glob 49ms (cache miss)
104 silly packumentCache full:https://registry.npmjs.org/dir-glob set size:undefined disposed:false
105 http fetch GET 200 https://registry.npmjs.org/graceful-fs 120ms (cache miss)
106 silly packumentCache full:https://registry.npmjs.org/graceful-fs set size:undefined disposed:false
107 silly placeDep ROOT filename-reserved-regex@2.0.0 OK for: filenamify@4.3.0 want: ^2.0.0
108 silly placeDep ROOT strip-outer@1.0.1 OK for: filenamify@4.3.0 want: ^1.0.1
109 silly placeDep ROOT trim-repeated@1.0.0 OK for: filenamify@4.3.0 want: ^1.0.0
110 silly fetch manifest escape-string-regexp@^1.0.2
111 silly packumentCache full:https://registry.npmjs.org/escape-string-regexp cache-miss
112 silly fetch manifest escape-string-regexp@^1.0.2
113 silly packumentCache full:https://registry.npmjs.org/escape-string-regexp cache-miss
114 http fetch GET 200 https://registry.npmjs.org/escape-string-regexp 35ms (cache miss)
115 silly packumentCache full:https://registry.npmjs.org/escape-string-regexp set size:undefined disposed:false
116 http fetch GET 200 https://registry.npmjs.org/escape-string-regexp 44ms (cache miss)
117 silly packumentCache full:https://registry.npmjs.org/escape-string-regexp set size:undefined disposed:false
118 silly placeDep ROOT commondir@1.0.1 OK for: find-cache-dir@3.3.2 want: ^1.0.1
119 silly placeDep ROOT make-dir@3.1.0 OK for: find-cache-dir@3.3.2 want: ^3.0.2
120 silly placeDep ROOT pkg-dir@4.2.0 OK for: find-cache-dir@3.3.2 want: ^4.1.0
121 silly fetch manifest find-up@^4.0.0
122 silly packumentCache full:https://registry.npmjs.org/find-up cache-miss
123 http fetch GET 200 https://registry.npmjs.org/find-up 37ms (cache miss)
124 silly packumentCache full:https://registry.npmjs.org/find-up set size:undefined disposed:false
125 silly placeDep ROOT graceful-fs@4.2.11 OK for: fs-extra@11.3.5 want: ^4.2.0
126 silly placeDep ROOT jsonfile@6.2.1 OK for: fs-extra@11.3.5 want: ^6.0.1
127 silly placeDep ROOT universalify@2.0.1 OK for: fs-extra@11.3.5 want: ^2.0.0
128 silly placeDep ROOT array-union@2.1.0 OK for: globby@11.1.0 want: ^2.1.0
129 silly placeDep ROOT dir-glob@3.0.1 OK for: globby@11.1.0 want: ^3.0.1
130 silly placeDep ROOT ignore@5.3.2 OK for: globby@11.1.0 want: ^5.2.0
131 silly placeDep ROOT slash@3.0.0 OK for: globby@11.1.0 want: ^3.0.0
132 silly fetch manifest path-type@^4.0.0
133 silly packumentCache full:https://registry.npmjs.org/path-type cache-miss
134 http fetch GET 200 https://registry.npmjs.org/path-type 39ms (cache miss)
135 silly packumentCache full:https://registry.npmjs.org/path-type set size:undefined disposed:false
136 silly placeDep ROOT path-type@4.0.0 OK for: dir-glob@3.0.1 want: ^4.0.0
137 silly placeDep ROOT find-up@4.1.0 OK for: pkg-dir@4.2.0 want: ^4.0.0
138 silly fetch manifest locate-path@^5.0.0
139 silly packumentCache full:https://registry.npmjs.org/locate-path cache-miss
140 silly fetch manifest path-exists@^4.0.0
141 silly packumentCache full:https://registry.npmjs.org/path-exists cache-miss
142 http fetch GET 200 https://registry.npmjs.org/path-exists 41ms (cache miss)
143 silly packumentCache full:https://registry.npmjs.org/path-exists set size:undefined disposed:false
144 http fetch GET 200 https://registry.npmjs.org/locate-path 43ms (cache miss)
145 silly packumentCache full:https://registry.npmjs.org/locate-path set size:undefined disposed:false
146 silly placeDep ROOT locate-path@5.0.0 OK for: find-up@4.1.0 want: ^5.0.0
147 silly placeDep ROOT path-exists@4.0.0 OK for: find-up@4.1.0 want: ^4.0.0
148 silly fetch manifest p-locate@^4.1.0
149 silly packumentCache full:https://registry.npmjs.org/p-locate cache-miss
150 http fetch GET 200 https://registry.npmjs.org/p-locate 48ms (cache miss)
151 silly packumentCache full:https://registry.npmjs.org/p-locate set size:undefined disposed:false
152 silly placeDep ROOT p-locate@4.1.0 OK for: locate-path@5.0.0 want: ^4.1.0
153 silly fetch manifest p-limit@^2.2.0
154 silly packumentCache full:https://registry.npmjs.org/p-limit cache-miss
155 http fetch GET 200 https://registry.npmjs.org/p-limit 40ms (cache miss)
156 silly packumentCache full:https://registry.npmjs.org/p-limit set size:undefined disposed:false
157 silly placeDep ROOT p-limit@2.3.0 OK for: p-locate@4.1.0 want: ^2.2.0
158 silly fetch manifest p-try@^2.0.0
159 silly packumentCache full:https://registry.npmjs.org/p-try cache-miss
160 http fetch GET 200 https://registry.npmjs.org/p-try 33ms (cache miss)
161 silly packumentCache full:https://registry.npmjs.org/p-try set size:undefined disposed:false
162 silly placeDep ROOT p-try@2.2.0 OK for: p-limit@2.3.0 want: ^2.0.0
163 silly placeDep ROOT escape-string-regexp@1.0.5 OK for: strip-outer@1.0.1 want: ^1.0.2
164 silly reify moves {}
165 silly audit bulk request {
165 silly audit   '@alloc/quick-lru': [ '5.2.0' ],
165 silly audit   '@babel/code-frame': [ '7.29.0' ],
165 silly audit   '@babel/compat-data': [ '7.29.3' ],
165 silly audit   '@babel/core': [ '7.29.0' ],
165 silly audit   '@babel/generator': [ '7.29.1' ],
165 silly audit   '@babel/helper-compilation-targets': [ '7.28.6' ],
165 silly audit   '@babel/helper-globals': [ '7.28.0' ],
165 silly audit   '@babel/helper-module-imports': [ '7.28.6' ],
165 silly audit   '@babel/helper-module-transforms': [ '7.28.6' ],
165 silly audit   '@babel/helper-plugin-utils': [ '7.28.6' ],
165 silly audit   '@babel/helper-string-parser': [ '7.27.1' ],
165 silly audit   '@babel/helper-validator-identifier': [ '7.28.5' ],
165 silly audit   '@babel/helper-validator-option': [ '7.27.1' ],
165 silly audit   '@babel/helpers': [ '7.29.2' ],
165 silly audit   '@babel/parser': [ '7.29.3' ],
165 silly audit   '@babel/plugin-transform-react-jsx-self': [ '7.27.1' ],
165 silly audit   '@babel/plugin-transform-react-jsx-source': [ '7.27.1' ],
165 silly audit   '@babel/template': [ '7.28.6' ],
165 silly audit   '@babel/traverse': [ '7.29.0' ],
165 silly audit   '@babel/types': [ '7.29.0' ],
165 silly audit   '@esbuild/aix-ppc64': [ '0.27.7' ],
165 silly audit   '@esbuild/android-arm': [ '0.27.7' ],
165 silly audit   '@esbuild/android-arm64': [ '0.27.7' ],
165 silly audit   '@esbuild/android-x64': [ '0.27.7' ],
165 silly audit   '@esbuild/darwin-arm64': [ '0.27.7' ],
165 silly audit   '@esbuild/darwin-x64': [ '0.27.7' ],
165 silly audit   '@esbuild/freebsd-arm64': [ '0.27.7' ],
165 silly audit   '@esbuild/freebsd-x64': [ '0.27.7' ],
165 silly audit   '@esbuild/linux-arm': [ '0.27.7' ],
165 silly audit   '@esbuild/linux-arm64': [ '0.27.7' ],
165 silly audit   '@esbuild/linux-ia32': [ '0.27.7' ],
165 silly audit   '@esbuild/linux-loong64': [ '0.27.7' ],
165 silly audit   '@esbuild/linux-mips64el': [ '0.27.7' ],
165 silly audit   '@esbuild/linux-ppc64': [ '0.27.7' ],
165 silly audit   '@esbuild/linux-riscv64': [ '0.27.7' ],
165 silly audit   '@esbuild/linux-s390x': [ '0.27.7' ],
165 silly audit   '@esbuild/linux-x64': [ '0.27.7' ],
165 silly audit   '@esbuild/netbsd-arm64': [ '0.27.7' ],
165 silly audit   '@esbuild/netbsd-x64': [ '0.27.7' ],
165 silly audit   '@esbuild/openbsd-arm64': [ '0.27.7' ],
165 silly audit   '@esbuild/openbsd-x64': [ '0.27.7' ],
165 silly audit   '@esbuild/openharmony-arm64': [ '0.27.7' ],
165 silly audit   '@esbuild/sunos-x64': [ '0.27.7' ],
165 silly audit   '@esbuild/win32-arm64': [ '0.27.7' ],
165 silly audit   '@esbuild/win32-ia32': [ '0.27.7' ],
165 silly audit   '@esbuild/win32-x64': [ '0.27.7' ],
165 silly audit   '@jridgewell/gen-mapping': [ '0.3.13' ],
165 silly audit   '@jridgewell/remapping': [ '2.3.5' ],
165 silly audit   '@jridgewell/resolve-uri': [ '3.1.2' ],
165 silly audit   '@jridgewell/sourcemap-codec': [ '1.5.5' ],
165 silly audit   '@jridgewell/trace-mapping': [ '0.3.31' ],
165 silly audit   '@nodelib/fs.scandir': [ '2.1.5' ],
165 silly audit   '@nodelib/fs.stat': [ '2.0.5' ],
165 silly audit   '@nodelib/fs.walk': [ '1.2.8' ],
165 silly audit   '@rolldown/pluginutils': [ '1.0.0-beta.27' ],
165 silly audit   '@rollup/rollup-android-arm-eabi': [ '4.60.4' ],
165 silly audit   '@rollup/rollup-android-arm64': [ '4.60.4' ],
165 silly audit   '@rollup/rollup-darwin-arm64': [ '4.60.4' ],
165 silly audit   '@rollup/rollup-darwin-x64': [ '4.60.4' ],
165 silly audit   '@rollup/rollup-freebsd-arm64': [ '4.60.4' ],
165 silly audit   '@rollup/rollup-freebsd-x64': [ '4.60.4' ],
165 silly audit   '@rollup/rollup-linux-arm-gnueabihf': [ '4.60.4' ],
165 silly audit   '@rollup/rollup-linux-arm-musleabihf': [ '4.60.4' ],
165 silly audit   '@rollup/rollup-linux-arm64-gnu': [ '4.60.4' ],
165 silly audit   '@rollup/rollup-linux-arm64-musl': [ '4.60.4' ],
165 silly audit   '@rollup/rollup-linux-loong64-gnu': [ '4.60.4' ],
165 silly audit   '@rollup/rollup-linux-loong64-musl': [ '4.60.4' ],
165 silly audit   '@rollup/rollup-linux-ppc64-gnu': [ '4.60.4' ],
165 silly audit   '@rollup/rollup-linux-ppc64-musl': [ '4.60.4' ],
165 silly audit   '@rollup/rollup-linux-riscv64-gnu': [ '4.60.4' ],
165 silly audit   '@rollup/rollup-linux-riscv64-musl': [ '4.60.4' ],
165 silly audit   '@rollup/rollup-linux-s390x-gnu': [ '4.60.4' ],
165 silly audit   '@rollup/rollup-linux-x64-gnu': [ '4.60.4' ],
165 silly audit   '@rollup/rollup-linux-x64-musl': [ '4.60.4' ],
165 silly audit   '@rollup/rollup-openbsd-x64': [ '4.60.4' ],
165 silly audit   '@rollup/rollup-openharmony-arm64': [ '4.60.4' ],
165 silly audit   '@rollup/rollup-win32-arm64-msvc': [ '4.60.4' ],
165 silly audit   '@rollup/rollup-win32-ia32-msvc': [ '4.60.4' ],
165 silly audit   '@rollup/rollup-win32-x64-gnu': [ '4.60.4' ],
165 silly audit   '@rollup/rollup-win32-x64-msvc': [ '4.60.4' ],
165 silly audit   '@types/babel__core': [ '7.20.5' ],
165 silly audit   '@types/babel__generator': [ '7.27.0' ],
165 silly audit   '@types/babel__template': [ '7.4.4' ],
165 silly audit   '@types/babel__traverse': [ '7.28.0' ],
165 silly audit   '@types/estree': [ '1.0.8' ],
165 silly audit   '@types/node': [ '22.19.19' ],
165 silly audit   '@types/react': [ '19.2.14' ],
165 silly audit   '@types/react-dom': [ '19.2.3' ],
165 silly audit   '@vitejs/plugin-react': [ '4.7.0' ],
165 silly audit   'any-promise': [ '1.3.0' ],
165 silly audit   anymatch: [ '3.1.3' ],
165 silly audit   arg: [ '5.0.2' ],
165 silly audit   autoprefixer: [ '10.4.20' ],
165 silly audit   'baseline-browser-mapping': [ '2.10.30' ],
165 silly audit   'binary-extensions': [ '2.3.0' ],
165 silly audit   braces: [ '3.0.3' ],
165 silly audit   browserslist: [ '4.28.2' ],
165 silly audit   'camelcase-css': [ '2.0.1' ],
165 silly audit   'caniuse-lite': [ '1.0.30001793' ],
165 silly audit   chokidar: [ '3.6.0' ],
165 silly audit   'glob-parent': [ '5.1.2', '6.0.2' ],
165 silly audit   commander: [ '4.1.1', '13.1.0' ],
165 silly audit   'convert-source-map': [ '2.0.0' ],
165 silly audit   cssesc: [ '3.0.0' ],
165 silly audit   csstype: [ '3.2.3' ],
165 silly audit   debug: [ '4.4.3' ],
165 silly audit   didyoumean: [ '1.2.2' ],
165 silly audit   dlv: [ '1.1.3' ],
165 silly audit   'electron-to-chromium': [ '1.5.357' ],
165 silly audit   'es-errors': [ '1.3.0' ],
165 silly audit   esbuild: [ '0.27.7' ],
165 silly audit   escalade: [ '3.2.0' ],
165 silly audit   'fast-glob': [ '3.3.3' ],
165 silly audit   fastq: [ '1.20.1' ],
165 silly audit   fdir: [ '6.5.0' ],
165 silly audit   'fill-range': [ '7.1.1' ],
165 silly audit   'fraction.js': [ '4.3.7' ],
165 silly audit   fsevents: [ '2.3.3' ],
165 silly audit   'function-bind': [ '1.1.2' ],
165 silly audit   gensync: [ '1.0.0-beta.2' ],
165 silly audit   hasown: [ '2.0.3' ],
165 silly audit   'is-binary-path': [ '2.1.0' ],
165 silly audit   'is-core-module': [ '2.16.2' ],
165 silly audit   'is-extglob': [ '2.1.1' ],
165 silly audit   'is-glob': [ '4.0.3' ],
165 silly audit   'is-number': [ '7.0.0' ],
165 silly audit   jiti: [ '1.21.7' ],
165 silly audit   'js-tokens': [ '4.0.0' ],
165 silly audit   jsesc: [ '3.1.0' ],
165 silly audit   json5: [ '2.2.3' ],
165 silly audit   lilconfig: [ '3.1.3' ],
165 silly audit   'lines-and-columns': [ '1.2.4' ],
165 silly audit   'lru-cache': [ '5.1.1' ],
165 silly audit   merge2: [ '1.4.1' ],
165 silly audit   micromatch: [ '4.0.8' ],
165 silly audit   ms: [ '2.1.3' ],
165 silly audit   mz: [ '2.7.0' ],
165 silly audit   nanoid: [ '3.3.12' ],
165 silly audit   'node-releases': [ '2.0.44' ],
165 silly audit   'normalize-path': [ '3.0.0' ],
165 silly audit   'normalize-range': [ '0.1.2' ],
165 silly audit   'object-assign': [ '4.1.1' ],
165 silly audit   'object-hash': [ '3.0.0' ],
165 silly audit   'path-parse': [ '1.0.7' ],
165 silly audit   picocolors: [ '1.1.1' ],
165 silly audit   picomatch: [ '2.3.2', '4.0.4' ],
165 silly audit   pify: [ '2.3.0' ],
165 silly audit   pirates: [ '4.0.7' ],
165 silly audit   postcss: [ '8.4.49', '8.5.14' ],
165 silly audit   'postcss-import': [ '15.1.0' ],
165 silly audit   'postcss-js': [ '4.1.0' ],
165 silly audit   'postcss-load-config': [ '6.0.1' ],
165 silly audit   'postcss-nested': [ '6.2.0' ],
165 silly audit   'postcss-selector-parser': [ '6.1.2' ],
165 silly audit   'postcss-value-parser': [ '4.2.0' ],
165 silly audit   'queue-microtask': [ '1.2.3' ],
165 silly audit   react: [ '19.2.6' ],
165 silly audit   'react-dom': [ '19.2.6' ],
165 silly audit   'react-refresh': [ '0.17.0' ],
165 silly audit   'read-cache': [ '1.0.0' ],
165 silly audit   readdirp: [ '3.6.0' ],
165 silly audit   resolve: [ '1.22.12' ],
165 silly audit   reusify: [ '1.1.0' ],
165 silly audit   rollup: [ '4.60.4' ],
165 silly audit   'run-parallel': [ '1.2.0' ],
165 silly audit   scheduler: [ '0.27.0' ],
165 silly audit   semver: [ '6.3.1' ],
165 silly audit   'source-map-js': [ '1.2.1' ],
165 silly audit   sucrase: [ '3.35.1' ],
165 silly audit   'supports-preserve-symlinks-flag': [ '1.0.0' ],
165 silly audit   tailwindcss: [ '3.4.19' ],
165 silly audit   thenify: [ '3.3.1' ],
165 silly audit   'thenify-all': [ '1.6.0' ],
165 silly audit   tinyglobby: [ '0.2.16' ],
165 silly audit   'to-regex-range': [ '5.0.1' ],
165 silly audit   'ts-interface-checker': [ '0.1.13' ],
165 silly audit   typescript: [ '5.9.3' ],
165 silly audit   'undici-types': [ '6.21.0' ],
165 silly audit   'update-browserslist-db': [ '1.2.3' ],
165 silly audit   'util-deprecate': [ '1.0.2' ],
165 silly audit   vite: [ '7.3.3' ],
165 silly audit   yallist: [ '3.1.1' ],
165 silly audit   'gh-pages': [ '6.3.0' ],
165 silly audit   async: [ '3.2.6' ],
165 silly audit   'email-addresses': [ '5.0.0' ],
165 silly audit   filenamify: [ '4.3.0' ],
165 silly audit   'find-cache-dir': [ '3.3.2' ],
165 silly audit   'fs-extra': [ '11.3.5' ],
165 silly audit   globby: [ '11.1.0' ],
165 silly audit   'filename-reserved-regex': [ '2.0.0' ],
165 silly audit   'strip-outer': [ '1.0.1' ],
165 silly audit   'trim-repeated': [ '1.0.0' ],
165 silly audit   commondir: [ '1.0.1' ],
165 silly audit   'make-dir': [ '3.1.0' ],
165 silly audit   'pkg-dir': [ '4.2.0' ],
165 silly audit   'graceful-fs': [ '4.2.11' ],
165 silly audit   jsonfile: [ '6.2.1' ],
165 silly audit   universalify: [ '2.0.1' ],
165 silly audit   'array-union': [ '2.1.0' ],
165 silly audit   'dir-glob': [ '3.0.1' ],
165 silly audit   ignore: [ '5.3.2' ],
165 silly audit   slash: [ '3.0.0' ],
165 silly audit   'path-type': [ '4.0.0' ],
165 silly audit   'find-up': [ '4.1.0' ],
165 silly audit   'locate-path': [ '5.0.0' ],
165 silly audit   'path-exists': [ '4.0.0' ],
165 silly audit   'p-locate': [ '4.1.0' ],
165 silly audit   'p-limit': [ '2.3.0' ],
165 silly audit   'p-try': [ '2.2.0' ],
165 silly audit   'escape-string-regexp': [ '1.0.5' ]
165 silly audit }
166 verbose reify failed optional dependency /Users/gersonbarrientos/Documents/GitHub/Mood Brew/node_modules/@rollup/rollup-win32-x64-msvc
167 silly reify mark deleted [
167 silly reify   '/Users/gersonbarrientos/Documents/GitHub/Mood Brew/node_modules/@rollup/rollup-win32-x64-msvc'
167 silly reify ]
168 verbose reify failed optional dependency /Users/gersonbarrientos/Documents/GitHub/Mood Brew/node_modules/@rollup/rollup-win32-x64-gnu
169 silly reify mark deleted [
169 silly reify   '/Users/gersonbarrientos/Documents/GitHub/Mood Brew/node_modules/@rollup/rollup-win32-x64-gnu'
169 silly reify ]
170 verbose reify failed optional dependency /Users/gersonbarrientos/Documents/GitHub/Mood Brew/node_modules/@rollup/rollup-win32-ia32-msvc
171 silly reify mark deleted [
171 silly reify   '/Users/gersonbarrientos/Documents/GitHub/Mood Brew/node_modules/@rollup/rollup-win32-ia32-msvc'
171 silly reify ]
172 verbose reify failed optional dependency /Users/gersonbarrientos/Documents/GitHub/Mood Brew/node_modules/@rollup/rollup-win32-arm64-msvc
173 silly reify mark deleted [
173 silly reify   '/Users/gersonbarrientos/Documents/GitHub/Mood Brew/node_modules/@rollup/rollup-win32-arm64-msvc'
173 silly reify ]
174 verbose reify failed optional dependency /Users/gersonbarrientos/Documents/GitHub/Mood Brew/node_modules/@rollup/rollup-openharmony-arm64
175 silly reify mark deleted [
175 silly reify   '/Users/gersonbarrientos/Documents/GitHub/Mood Brew/node_modules/@rollup/rollup-openharmony-arm64'
175 silly reify ]
176 verbose reify failed optional dependency /Users/gersonbarrientos/Documents/GitHub/Mood Brew/node_modules/@rollup/rollup-openbsd-x64
177 silly reify mark deleted [
177 silly reify   '/Users/gersonbarrientos/Documents/GitHub/Mood Brew/node_modules/@rollup/rollup-openbsd-x64'
177 silly reify ]
178 verbose reify failed optional dependency /Users/gersonbarrientos/Documents/GitHub/Mood Brew/node_modules/@rollup/rollup-linux-x64-musl
179 silly reify mark deleted [
179 silly reify   '/Users/gersonbarrientos/Documents/GitHub/Mood Brew/node_modules/@rollup/rollup-linux-x64-musl'
179 silly reify ]
180 verbose reify failed optional dependency /Users/gersonbarrientos/Documents/GitHub/Mood Brew/node_modules/@rollup/rollup-linux-x64-gnu
181 silly reify mark deleted [
181 silly reify   '/Users/gersonbarrientos/Documents/GitHub/Mood Brew/node_modules/@rollup/rollup-linux-x64-gnu'
181 silly reify ]
182 verbose reify failed optional dependency /Users/gersonbarrientos/Documents/GitHub/Mood Brew/node_modules/@rollup/rollup-linux-s390x-gnu
183 silly reify mark deleted [
183 silly reify   '/Users/gersonbarrientos/Documents/GitHub/Mood Brew/node_modules/@rollup/rollup-linux-s390x-gnu'
183 silly reify ]
184 verbose reify failed optional dependency /Users/gersonbarrientos/Documents/GitHub/Mood Brew/node_modules/@rollup/rollup-linux-riscv64-musl
185 silly reify mark deleted [
185 silly reify   '/Users/gersonbarrientos/Documents/GitHub/Mood Brew/node_modules/@rollup/rollup-linux-riscv64-musl'
185 silly reify ]
186 verbose reify failed optional dependency /Users/gersonbarrientos/Documents/GitHub/Mood Brew/node_modules/@rollup/rollup-linux-riscv64-gnu
187 silly reify mark deleted [
187 silly reify   '/Users/gersonbarrientos/Documents/GitHub/Mood Brew/node_modules/@rollup/rollup-linux-riscv64-gnu'
187 silly reify ]
188 verbose reify failed optional dependency /Users/gersonbarrientos/Documents/GitHub/Mood Brew/node_modules/@rollup/rollup-linux-ppc64-musl
189 silly reify mark deleted [
189 silly reify   '/Users/gersonbarrientos/Documents/GitHub/Mood Brew/node_modules/@rollup/rollup-linux-ppc64-musl'
189 silly reify ]
190 verbose reify failed optional dependency /Users/gersonbarrientos/Documents/GitHub/Mood Brew/node_modules/@rollup/rollup-linux-ppc64-gnu
191 silly reify mark deleted [
191 silly reify   '/Users/gersonbarrientos/Documents/GitHub/Mood Brew/node_modules/@rollup/rollup-linux-ppc64-gnu'
191 silly reify ]
192 verbose reify failed optional dependency /Users/gersonbarrientos/Documents/GitHub/Mood Brew/node_modules/@rollup/rollup-linux-loong64-musl
193 silly reify mark deleted [
193 silly reify   '/Users/gersonbarrientos/Documents/GitHub/Mood Brew/node_modules/@rollup/rollup-linux-loong64-musl'
193 silly reify ]
194 verbose reify failed optional dependency /Users/gersonbarrientos/Documents/GitHub/Mood Brew/node_modules/@rollup/rollup-linux-loong64-gnu
195 silly reify mark deleted [
195 silly reify   '/Users/gersonbarrientos/Documents/GitHub/Mood Brew/node_modules/@rollup/rollup-linux-loong64-gnu'
195 silly reify ]
196 verbose reify failed optional dependency /Users/gersonbarrientos/Documents/GitHub/Mood Brew/node_modules/@rollup/rollup-linux-arm64-musl
197 silly reify mark deleted [
197 silly reify   '/Users/gersonbarrientos/Documents/GitHub/Mood Brew/node_modules/@rollup/rollup-linux-arm64-musl'
197 silly reify ]
198 verbose reify failed optional dependency /Users/gersonbarrientos/Documents/GitHub/Mood Brew/node_modules/@rollup/rollup-linux-arm64-gnu
199 silly reify mark deleted [
199 silly reify   '/Users/gersonbarrientos/Documents/GitHub/Mood Brew/node_modules/@rollup/rollup-linux-arm64-gnu'
199 silly reify ]
200 verbose reify failed optional dependency /Users/gersonbarrientos/Documents/GitHub/Mood Brew/node_modules/@rollup/rollup-linux-arm-musleabihf
201 silly reify mark deleted [
201 silly reify   '/Users/gersonbarrientos/Documents/GitHub/Mood Brew/node_modules/@rollup/rollup-linux-arm-musleabihf'
201 silly reify ]
202 verbose reify failed optional dependency /Users/gersonbarrientos/Documents/GitHub/Mood Brew/node_modules/@rollup/rollup-linux-arm-gnueabihf
203 silly reify mark deleted [
203 silly reify   '/Users/gersonbarrientos/Documents/GitHub/Mood Brew/node_modules/@rollup/rollup-linux-arm-gnueabihf'
203 silly reify ]
204 verbose reify failed optional dependency /Users/gersonbarrientos/Documents/GitHub/Mood Brew/node_modules/@rollup/rollup-freebsd-x64
205 silly reify mark deleted [
205 silly reify   '/Users/gersonbarrientos/Documents/GitHub/Mood Brew/node_modules/@rollup/rollup-freebsd-x64'
205 silly reify ]
206 verbose reify failed optional dependency /Users/gersonbarrientos/Documents/GitHub/Mood Brew/node_modules/@rollup/rollup-freebsd-arm64
207 silly reify mark deleted [
207 silly reify   '/Users/gersonbarrientos/Documents/GitHub/Mood Brew/node_modules/@rollup/rollup-freebsd-arm64'
207 silly reify ]
208 verbose reify failed optional dependency /Users/gersonbarrientos/Documents/GitHub/Mood Brew/node_modules/@rollup/rollup-darwin-x64
209 silly reify mark deleted [
209 silly reify   '/Users/gersonbarrientos/Documents/GitHub/Mood Brew/node_modules/@rollup/rollup-darwin-x64'
209 silly reify ]
210 verbose reify failed optional dependency /Users/gersonbarrientos/Documents/GitHub/Mood Brew/node_modules/@rollup/rollup-android-arm64
211 silly reify mark deleted [
211 silly reify   '/Users/gersonbarrientos/Documents/GitHub/Mood Brew/node_modules/@rollup/rollup-android-arm64'
211 silly reify ]
212 verbose reify failed optional dependency /Users/gersonbarrientos/Documents/GitHub/Mood Brew/node_modules/@rollup/rollup-android-arm-eabi
213 silly reify mark deleted [
213 silly reify   '/Users/gersonbarrientos/Documents/GitHub/Mood Brew/node_modules/@rollup/rollup-android-arm-eabi'
213 silly reify ]
214 verbose reify failed optional dependency /Users/gersonbarrientos/Documents/GitHub/Mood Brew/node_modules/@esbuild/win32-x64
215 silly reify mark deleted [
215 silly reify   '/Users/gersonbarrientos/Documents/GitHub/Mood Brew/node_modules/@esbuild/win32-x64'
215 silly reify ]
216 verbose reify failed optional dependency /Users/gersonbarrientos/Documents/GitHub/Mood Brew/node_modules/@esbuild/win32-ia32
217 silly reify mark deleted [
217 silly reify   '/Users/gersonbarrientos/Documents/GitHub/Mood Brew/node_modules/@esbuild/win32-ia32'
217 silly reify ]
218 verbose reify failed optional dependency /Users/gersonbarrientos/Documents/GitHub/Mood Brew/node_modules/@esbuild/win32-arm64
219 silly reify mark deleted [
219 silly reify   '/Users/gersonbarrientos/Documents/GitHub/Mood Brew/node_modules/@esbuild/win32-arm64'
219 silly reify ]
220 verbose reify failed optional dependency /Users/gersonbarrientos/Documents/GitHub/Mood Brew/node_modules/@esbuild/sunos-x64
221 silly reify mark deleted [
221 silly reify   '/Users/gersonbarrientos/Documents/GitHub/Mood Brew/node_modules/@esbuild/sunos-x64'
221 silly reify ]
222 verbose reify failed optional dependency /Users/gersonbarrientos/Documents/GitHub/Mood Brew/node_modules/@esbuild/openharmony-arm64
223 silly reify mark deleted [
223 silly reify   '/Users/gersonbarrientos/Documents/GitHub/Mood Brew/node_modules/@esbuild/openharmony-arm64'
223 silly reify ]
224 verbose reify failed optional dependency /Users/gersonbarrientos/Documents/GitHub/Mood Brew/node_modules/@esbuild/openbsd-x64
225 silly reify mark deleted [
225 silly reify   '/Users/gersonbarrientos/Documents/GitHub/Mood Brew/node_modules/@esbuild/openbsd-x64'
225 silly reify ]
226 verbose reify failed optional dependency /Users/gersonbarrientos/Documents/GitHub/Mood Brew/node_modules/@esbuild/openbsd-arm64
227 silly reify mark deleted [
227 silly reify   '/Users/gersonbarrientos/Documents/GitHub/Mood Brew/node_modules/@esbuild/openbsd-arm64'
227 silly reify ]
228 verbose reify failed optional dependency /Users/gersonbarrientos/Documents/GitHub/Mood Brew/node_modules/@esbuild/netbsd-x64
229 silly reify mark deleted [
229 silly reify   '/Users/gersonbarrientos/Documents/GitHub/Mood Brew/node_modules/@esbuild/netbsd-x64'
229 silly reify ]
230 verbose reify failed optional dependency /Users/gersonbarrientos/Documents/GitHub/Mood Brew/node_modules/@esbuild/netbsd-arm64
231 silly reify mark deleted [
231 silly reify   '/Users/gersonbarrientos/Documents/GitHub/Mood Brew/node_modules/@esbuild/netbsd-arm64'
231 silly reify ]
232 verbose reify failed optional dependency /Users/gersonbarrientos/Documents/GitHub/Mood Brew/node_modules/@esbuild/linux-x64
233 silly reify mark deleted [
233 silly reify   '/Users/gersonbarrientos/Documents/GitHub/Mood Brew/node_modules/@esbuild/linux-x64'
233 silly reify ]
234 verbose reify failed optional dependency /Users/gersonbarrientos/Documents/GitHub/Mood Brew/node_modules/@esbuild/linux-s390x
235 silly reify mark deleted [
235 silly reify   '/Users/gersonbarrientos/Documents/GitHub/Mood Brew/node_modules/@esbuild/linux-s390x'
235 silly reify ]
236 verbose reify failed optional dependency /Users/gersonbarrientos/Documents/GitHub/Mood Brew/node_modules/@esbuild/linux-riscv64
237 silly reify mark deleted [
237 silly reify   '/Users/gersonbarrientos/Documents/GitHub/Mood Brew/node_modules/@esbuild/linux-riscv64'
237 silly reify ]
238 verbose reify failed optional dependency /Users/gersonbarrientos/Documents/GitHub/Mood Brew/node_modules/@esbuild/linux-ppc64
239 silly reify mark deleted [
239 silly reify   '/Users/gersonbarrientos/Documents/GitHub/Mood Brew/node_modules/@esbuild/linux-ppc64'
239 silly reify ]
240 verbose reify failed optional dependency /Users/gersonbarrientos/Documents/GitHub/Mood Brew/node_modules/@esbuild/linux-mips64el
241 silly reify mark deleted [
241 silly reify   '/Users/gersonbarrientos/Documents/GitHub/Mood Brew/node_modules/@esbuild/linux-mips64el'
241 silly reify ]
242 verbose reify failed optional dependency /Users/gersonbarrientos/Documents/GitHub/Mood Brew/node_modules/@esbuild/linux-loong64
243 silly reify mark deleted [
243 silly reify   '/Users/gersonbarrientos/Documents/GitHub/Mood Brew/node_modules/@esbuild/linux-loong64'
243 silly reify ]
244 verbose reify failed optional dependency /Users/gersonbarrientos/Documents/GitHub/Mood Brew/node_modules/@esbuild/linux-ia32
245 silly reify mark deleted [
245 silly reify   '/Users/gersonbarrientos/Documents/GitHub/Mood Brew/node_modules/@esbuild/linux-ia32'
245 silly reify ]
246 verbose reify failed optional dependency /Users/gersonbarrientos/Documents/GitHub/Mood Brew/node_modules/@esbuild/linux-arm64
247 silly reify mark deleted [
247 silly reify   '/Users/gersonbarrientos/Documents/GitHub/Mood Brew/node_modules/@esbuild/linux-arm64'
247 silly reify ]
248 verbose reify failed optional dependency /Users/gersonbarrientos/Documents/GitHub/Mood Brew/node_modules/@esbuild/linux-arm
249 silly reify mark deleted [
249 silly reify   '/Users/gersonbarrientos/Documents/GitHub/Mood Brew/node_modules/@esbuild/linux-arm'
249 silly reify ]
250 verbose reify failed optional dependency /Users/gersonbarrientos/Documents/GitHub/Mood Brew/node_modules/@esbuild/freebsd-x64
251 silly reify mark deleted [
251 silly reify   '/Users/gersonbarrientos/Documents/GitHub/Mood Brew/node_modules/@esbuild/freebsd-x64'
251 silly reify ]
252 verbose reify failed optional dependency /Users/gersonbarrientos/Documents/GitHub/Mood Brew/node_modules/@esbuild/freebsd-arm64
253 silly reify mark deleted [
253 silly reify   '/Users/gersonbarrientos/Documents/GitHub/Mood Brew/node_modules/@esbuild/freebsd-arm64'
253 silly reify ]
254 verbose reify failed optional dependency /Users/gersonbarrientos/Documents/GitHub/Mood Brew/node_modules/@esbuild/darwin-x64
255 silly reify mark deleted [
255 silly reify   '/Users/gersonbarrientos/Documents/GitHub/Mood Brew/node_modules/@esbuild/darwin-x64'
255 silly reify ]
256 verbose reify failed optional dependency /Users/gersonbarrientos/Documents/GitHub/Mood Brew/node_modules/@esbuild/android-x64
257 silly reify mark deleted [
257 silly reify   '/Users/gersonbarrientos/Documents/GitHub/Mood Brew/node_modules/@esbuild/android-x64'
257 silly reify ]
258 verbose reify failed optional dependency /Users/gersonbarrientos/Documents/GitHub/Mood Brew/node_modules/@esbuild/android-arm64
259 silly reify mark deleted [
259 silly reify   '/Users/gersonbarrientos/Documents/GitHub/Mood Brew/node_modules/@esbuild/android-arm64'
259 silly reify ]
260 verbose reify failed optional dependency /Users/gersonbarrientos/Documents/GitHub/Mood Brew/node_modules/@esbuild/android-arm
261 silly reify mark deleted [
261 silly reify   '/Users/gersonbarrientos/Documents/GitHub/Mood Brew/node_modules/@esbuild/android-arm'
261 silly reify ]
262 verbose reify failed optional dependency /Users/gersonbarrientos/Documents/GitHub/Mood Brew/node_modules/@esbuild/aix-ppc64
263 silly reify mark deleted [
263 silly reify   '/Users/gersonbarrientos/Documents/GitHub/Mood Brew/node_modules/@esbuild/aix-ppc64'
263 silly reify ]
264 http cache escape-string-regexp@https://registry.npmjs.org/escape-string-regexp/-/escape-string-regexp-1.0.5.tgz 0ms (cache hit)
265 http cache p-try@https://registry.npmjs.org/p-try/-/p-try-2.2.0.tgz 0ms (cache hit)
266 http cache p-locate@https://registry.npmjs.org/p-locate/-/p-locate-4.1.0.tgz 0ms (cache hit)
267 http cache path-exists@https://registry.npmjs.org/path-exists/-/path-exists-4.0.0.tgz 0ms (cache hit)
268 http cache locate-path@https://registry.npmjs.org/locate-path/-/locate-path-5.0.0.tgz 0ms (cache hit)
269 http cache find-up@https://registry.npmjs.org/find-up/-/find-up-4.1.0.tgz 0ms (cache hit)
270 http cache path-type@https://registry.npmjs.org/path-type/-/path-type-4.0.0.tgz 0ms (cache hit)
271 http cache slash@https://registry.npmjs.org/slash/-/slash-3.0.0.tgz 0ms (cache hit)
272 http cache ignore@https://registry.npmjs.org/ignore/-/ignore-5.3.2.tgz 0ms (cache hit)
273 http cache dir-glob@https://registry.npmjs.org/dir-glob/-/dir-glob-3.0.1.tgz 0ms (cache hit)
274 http cache array-union@https://registry.npmjs.org/array-union/-/array-union-2.1.0.tgz 0ms (cache hit)
275 http cache jsonfile@https://registry.npmjs.org/jsonfile/-/jsonfile-6.2.1.tgz 0ms (cache hit)
276 http cache graceful-fs@https://registry.npmjs.org/graceful-fs/-/graceful-fs-4.2.11.tgz 0ms (cache hit)
277 http cache universalify@https://registry.npmjs.org/universalify/-/universalify-2.0.1.tgz 0ms (cache hit)
278 http cache pkg-dir@https://registry.npmjs.org/pkg-dir/-/pkg-dir-4.2.0.tgz 0ms (cache hit)
279 http cache make-dir@https://registry.npmjs.org/make-dir/-/make-dir-3.1.0.tgz 0ms (cache hit)
280 http cache commondir@https://registry.npmjs.org/commondir/-/commondir-1.0.1.tgz 0ms (cache hit)
281 http cache trim-repeated@https://registry.npmjs.org/trim-repeated/-/trim-repeated-1.0.0.tgz 0ms (cache hit)
282 http cache strip-outer@https://registry.npmjs.org/strip-outer/-/strip-outer-1.0.1.tgz 0ms (cache hit)
283 http cache globby@https://registry.npmjs.org/globby/-/globby-11.1.0.tgz 0ms (cache hit)
284 http cache fs-extra@https://registry.npmjs.org/fs-extra/-/fs-extra-11.3.5.tgz 0ms (cache hit)
285 http cache find-cache-dir@https://registry.npmjs.org/find-cache-dir/-/find-cache-dir-3.3.2.tgz 0ms (cache hit)
286 http cache filenamify@https://registry.npmjs.org/filenamify/-/filenamify-4.3.0.tgz 0ms (cache hit)
287 http cache email-addresses@https://registry.npmjs.org/email-addresses/-/email-addresses-5.0.0.tgz 0ms (cache hit)
288 http cache p-limit@https://registry.npmjs.org/p-limit/-/p-limit-2.3.0.tgz 0ms (cache hit)
289 http cache async@https://registry.npmjs.org/async/-/async-3.2.6.tgz 0ms (cache hit)
290 http cache fsevents@https://registry.npmjs.org/fsevents/-/fsevents-2.3.3.tgz 0ms (cache hit)
291 http cache commander@https://registry.npmjs.org/commander/-/commander-13.1.0.tgz 0ms (cache hit)
292 http cache gh-pages@https://registry.npmjs.org/gh-pages/-/gh-pages-6.3.0.tgz 0ms (cache hit)
293 silly tarball no local data for escape-string-regexp@https://registry.npmjs.org/escape-string-regexp/-/escape-string-regexp-1.0.5.tgz. Extracting by manifest.
294 http cache filename-reserved-regex@https://registry.npmjs.org/filename-reserved-regex/-/filename-reserved-regex-2.0.0.tgz 0ms (cache hit)
295 silly tarball no local data for p-try@https://registry.npmjs.org/p-try/-/p-try-2.2.0.tgz. Extracting by manifest.
296 silly tarball no local data for p-locate@https://registry.npmjs.org/p-locate/-/p-locate-4.1.0.tgz. Extracting by manifest.
297 silly tarball no local data for path-exists@https://registry.npmjs.org/path-exists/-/path-exists-4.0.0.tgz. Extracting by manifest.
298 silly tarball no local data for locate-path@https://registry.npmjs.org/locate-path/-/locate-path-5.0.0.tgz. Extracting by manifest.
299 silly tarball no local data for find-up@https://registry.npmjs.org/find-up/-/find-up-4.1.0.tgz. Extracting by manifest.
300 silly tarball no local data for path-type@https://registry.npmjs.org/path-type/-/path-type-4.0.0.tgz. Extracting by manifest.
301 silly tarball no local data for slash@https://registry.npmjs.org/slash/-/slash-3.0.0.tgz. Extracting by manifest.
302 silly tarball no local data for ignore@https://registry.npmjs.org/ignore/-/ignore-5.3.2.tgz. Extracting by manifest.
303 silly tarball no local data for dir-glob@https://registry.npmjs.org/dir-glob/-/dir-glob-3.0.1.tgz. Extracting by manifest.
304 silly tarball no local data for array-union@https://registry.npmjs.org/array-union/-/array-union-2.1.0.tgz. Extracting by manifest.
305 silly tarball no local data for jsonfile@https://registry.npmjs.org/jsonfile/-/jsonfile-6.2.1.tgz. Extracting by manifest.
306 silly tarball no local data for graceful-fs@https://registry.npmjs.org/graceful-fs/-/graceful-fs-4.2.11.tgz. Extracting by manifest.
307 silly tarball no local data for universalify@https://registry.npmjs.org/universalify/-/universalify-2.0.1.tgz. Extracting by manifest.
308 silly tarball no local data for pkg-dir@https://registry.npmjs.org/pkg-dir/-/pkg-dir-4.2.0.tgz. Extracting by manifest.
309 silly tarball no local data for make-dir@https://registry.npmjs.org/make-dir/-/make-dir-3.1.0.tgz. Extracting by manifest.
310 silly tarball no local data for commondir@https://registry.npmjs.org/commondir/-/commondir-1.0.1.tgz. Extracting by manifest.
311 silly tarball no local data for trim-repeated@https://registry.npmjs.org/trim-repeated/-/trim-repeated-1.0.0.tgz. Extracting by manifest.
312 silly tarball no local data for strip-outer@https://registry.npmjs.org/strip-outer/-/strip-outer-1.0.1.tgz. Extracting by manifest.
313 silly tarball no local data for globby@https://registry.npmjs.org/globby/-/globby-11.1.0.tgz. Extracting by manifest.
314 silly tarball no local data for fs-extra@https://registry.npmjs.org/fs-extra/-/fs-extra-11.3.5.tgz. Extracting by manifest.
315 silly tarball no local data for find-cache-dir@https://registry.npmjs.org/find-cache-dir/-/find-cache-dir-3.3.2.tgz. Extracting by manifest.
316 silly tarball no local data for filenamify@https://registry.npmjs.org/filenamify/-/filenamify-4.3.0.tgz. Extracting by manifest.
317 silly tarball no local data for email-addresses@https://registry.npmjs.org/email-addresses/-/email-addresses-5.0.0.tgz. Extracting by manifest.
318 silly tarball no local data for p-limit@https://registry.npmjs.org/p-limit/-/p-limit-2.3.0.tgz. Extracting by manifest.
319 silly tarball no local data for async@https://registry.npmjs.org/async/-/async-3.2.6.tgz. Extracting by manifest.
320 silly tarball no local data for commander@https://registry.npmjs.org/commander/-/commander-13.1.0.tgz. Extracting by manifest.
321 silly tarball no local data for gh-pages@https://registry.npmjs.org/gh-pages/-/gh-pages-6.3.0.tgz. Extracting by manifest.
322 silly tarball no local data for filename-reserved-regex@https://registry.npmjs.org/filename-reserved-regex/-/filename-reserved-regex-2.0.0.tgz. Extracting by manifest.
323 http fetch POST 200 https://registry.npmjs.org/-/npm/v1/security/advisories/bulk 56ms
324 silly audit report {
324 silly audit report   postcss: [
324 silly audit report     {
324 silly audit report       id: 1117015,
324 silly audit report       url: 'https://github.com/advisories/GHSA-qx2v-qp2m-jg93',
324 silly audit report       title: 'PostCSS has XSS via Unescaped </style> in its CSS Stringify Output',
324 silly audit report       severity: 'moderate',
324 silly audit report       vulnerable_versions: '<8.5.10',
324 silly audit report       cwe: [Array],
324 silly audit report       cvss: [Object]
324 silly audit report     }
324 silly audit report   ]
324 silly audit report }
325 silly packumentCache corgi:https://registry.npmjs.org/postcss cache-miss
326 http fetch GET 200 https://registry.npmjs.org/escape-string-regexp/-/escape-string-regexp-1.0.5.tgz 45ms (cache miss)
327 http fetch GET 200 https://registry.npmjs.org/find-up/-/find-up-4.1.0.tgz 47ms (cache miss)
328 http fetch GET 200 https://registry.npmjs.org/locate-path/-/locate-path-5.0.0.tgz 52ms (cache miss)
329 http fetch GET 200 https://registry.npmjs.org/p-try/-/p-try-2.2.0.tgz 54ms (cache miss)
330 http fetch GET 200 https://registry.npmjs.org/path-exists/-/path-exists-4.0.0.tgz 53ms (cache miss)
331 http fetch GET 200 https://registry.npmjs.org/p-locate/-/p-locate-4.1.0.tgz 58ms (cache miss)
332 http fetch GET 200 https://registry.npmjs.org/pkg-dir/-/pkg-dir-4.2.0.tgz 68ms (cache miss)
333 http fetch GET 200 https://registry.npmjs.org/make-dir/-/make-dir-3.1.0.tgz 67ms (cache miss)
334 http fetch GET 200 https://registry.npmjs.org/trim-repeated/-/trim-repeated-1.0.0.tgz 74ms (cache miss)
335 http fetch GET 200 https://registry.npmjs.org/commondir/-/commondir-1.0.1.tgz 77ms (cache miss)
336 http fetch GET 200 https://registry.npmjs.org/slash/-/slash-3.0.0.tgz 85ms (cache miss)
337 http fetch GET 200 https://registry.npmjs.org/strip-outer/-/strip-outer-1.0.1.tgz 87ms (cache miss)
338 http fetch GET 200 https://registry.npmjs.org/globby/-/globby-11.1.0.tgz 86ms (cache miss)
339 http fetch GET 200 https://registry.npmjs.org/path-type/-/path-type-4.0.0.tgz 95ms (cache miss)
340 http fetch GET 200 https://registry.npmjs.org/array-union/-/array-union-2.1.0.tgz 99ms (cache miss)
341 http fetch GET 200 https://registry.npmjs.org/dir-glob/-/dir-glob-3.0.1.tgz 101ms (cache miss)
342 http fetch GET 200 https://registry.npmjs.org/find-cache-dir/-/find-cache-dir-3.3.2.tgz 102ms (cache miss)
343 http fetch GET 200 https://registry.npmjs.org/fs-extra/-/fs-extra-11.3.5.tgz 102ms (cache miss)
344 http fetch GET 200 https://registry.npmjs.org/filenamify/-/filenamify-4.3.0.tgz 123ms (cache miss)
345 http fetch GET 200 https://registry.npmjs.org/jsonfile/-/jsonfile-6.2.1.tgz 125ms (cache miss)
346 http fetch GET 200 https://registry.npmjs.org/universalify/-/universalify-2.0.1.tgz 125ms (cache miss)
347 http fetch GET 200 https://registry.npmjs.org/ignore/-/ignore-5.3.2.tgz 128ms (cache miss)
348 http fetch GET 200 https://registry.npmjs.org/graceful-fs/-/graceful-fs-4.2.11.tgz 129ms (cache miss)
349 http fetch GET 200 https://registry.npmjs.org/p-limit/-/p-limit-2.3.0.tgz 126ms (cache miss)
350 http fetch GET 200 https://registry.npmjs.org/email-addresses/-/email-addresses-5.0.0.tgz 128ms (cache miss)
351 http fetch GET 200 https://registry.npmjs.org/commander/-/commander-13.1.0.tgz 130ms (cache miss)
352 http fetch GET 200 https://registry.npmjs.org/filename-reserved-regex/-/filename-reserved-regex-2.0.0.tgz 134ms (cache miss)
353 http fetch GET 200 https://registry.npmjs.org/gh-pages/-/gh-pages-6.3.0.tgz 135ms (cache miss)
354 http fetch GET 200 https://registry.npmjs.org/postcss 112ms (cache revalidated)
355 silly packumentCache corgi:https://registry.npmjs.org/postcss set size:343873 disposed:false
356 silly packumentCache corgi:https://registry.npmjs.org/tailwindcss cache-miss
357 http fetch GET 200 https://registry.npmjs.org/async/-/async-3.2.6.tgz 158ms (cache miss)
358 http fetch GET 200 https://registry.npmjs.org/tailwindcss 150ms (cache revalidated)
359 silly packumentCache corgi:https://registry.npmjs.org/tailwindcss set size:4700937 disposed:false
360 silly ADD node_modules/escape-string-regexp
361 silly ADD node_modules/p-try
362 silly ADD node_modules/p-limit
363 silly ADD node_modules/p-locate
364 silly ADD node_modules/path-exists
365 silly ADD node_modules/locate-path
366 silly ADD node_modules/find-up
367 silly ADD node_modules/path-type
368 silly ADD node_modules/slash
369 silly ADD node_modules/ignore
370 silly ADD node_modules/dir-glob
371 silly ADD node_modules/array-union
372 silly ADD node_modules/universalify
373 silly ADD node_modules/jsonfile
374 silly ADD node_modules/graceful-fs
375 silly ADD node_modules/pkg-dir
376 silly ADD node_modules/make-dir
377 silly ADD node_modules/commondir
378 silly ADD node_modules/trim-repeated
379 silly ADD node_modules/strip-outer
380 silly ADD node_modules/filename-reserved-regex
381 silly ADD node_modules/globby
382 silly ADD node_modules/fs-extra
383 silly ADD node_modules/find-cache-dir
384 silly ADD node_modules/filenamify
385 silly ADD node_modules/email-addresses
386 silly ADD node_modules/async
387 silly ADD node_modules/gh-pages
388 silly ADD node_modules/gh-pages/node_modules/commander
389 silly ADD node_modules/fsevents
390 silly ADD node_modules/@rollup/rollup-win32-x64-msvc
391 silly ADD node_modules/@rollup/rollup-win32-x64-gnu
392 silly ADD node_modules/@rollup/rollup-win32-ia32-msvc
393 silly ADD node_modules/@rollup/rollup-win32-arm64-msvc
394 silly ADD node_modules/@rollup/rollup-openharmony-arm64
395 silly ADD node_modules/@rollup/rollup-openbsd-x64
396 silly ADD node_modules/@rollup/rollup-linux-x64-musl
397 silly ADD node_modules/@rollup/rollup-linux-x64-gnu
398 silly ADD node_modules/@rollup/rollup-linux-s390x-gnu
399 silly ADD node_modules/@rollup/rollup-linux-riscv64-musl
400 silly ADD node_modules/@rollup/rollup-linux-riscv64-gnu
401 silly ADD node_modules/@rollup/rollup-linux-ppc64-musl
402 silly ADD node_modules/@rollup/rollup-linux-ppc64-gnu
403 silly ADD node_modules/@rollup/rollup-linux-loong64-musl
404 silly ADD node_modules/@rollup/rollup-linux-loong64-gnu
405 silly ADD node_modules/@rollup/rollup-linux-arm64-musl
406 silly ADD node_modules/@rollup/rollup-linux-arm64-gnu
407 silly ADD node_modules/@rollup/rollup-linux-arm-musleabihf
408 silly ADD node_modules/@rollup/rollup-linux-arm-gnueabihf
409 silly ADD node_modules/@rollup/rollup-freebsd-x64
410 silly ADD node_modules/@rollup/rollup-freebsd-arm64
411 silly ADD node_modules/@rollup/rollup-darwin-x64
412 silly ADD node_modules/@rollup/rollup-android-arm64
413 silly ADD node_modules/@rollup/rollup-android-arm-eabi
414 silly ADD node_modules/@esbuild/win32-x64
415 silly ADD node_modules/@esbuild/win32-ia32
416 silly ADD node_modules/@esbuild/win32-arm64
417 silly ADD node_modules/@esbuild/sunos-x64
418 silly ADD node_modules/@esbuild/openharmony-arm64
419 silly ADD node_modules/@esbuild/openbsd-x64
420 silly ADD node_modules/@esbuild/openbsd-arm64
421 silly ADD node_modules/@esbuild/netbsd-x64
422 silly ADD node_modules/@esbuild/netbsd-arm64
423 silly ADD node_modules/@esbuild/linux-x64
424 silly ADD node_modules/@esbuild/linux-s390x
425 silly ADD node_modules/@esbuild/linux-riscv64
426 silly ADD node_modules/@esbuild/linux-ppc64
427 silly ADD node_modules/@esbuild/linux-mips64el
428 silly ADD node_modules/@esbuild/linux-loong64
429 silly ADD node_modules/@esbuild/linux-ia32
430 silly ADD node_modules/@esbuild/linux-arm64
431 silly ADD node_modules/@esbuild/linux-arm
432 silly ADD node_modules/@esbuild/freebsd-x64
433 silly ADD node_modules/@esbuild/freebsd-arm64
434 silly ADD node_modules/@esbuild/darwin-x64
435 silly ADD node_modules/@esbuild/android-x64
436 silly ADD node_modules/@esbuild/android-arm64
437 silly ADD node_modules/@esbuild/android-arm
438 silly ADD node_modules/@esbuild/aix-ppc64
439 verbose cwd /Users/gersonbarrientos/Documents/GitHub/Mood Brew
440 verbose os Darwin 25.4.0
441 verbose node v24.8.0
442 verbose npm  v11.6.0
443 verbose exit 0
444 info ok
