0 verbose cli /opt/homebrew/Cellar/node/24.8.0/bin/node /opt/homebrew/bin/npm
1 info using npm@11.6.0
2 info using node@v24.8.0
3 silly config load:file:/opt/homebrew/lib/node_modules/npm/npmrc
4 silly config load:file:/Users/gersonbarrientos/Documents/GitHub/Mood Brew/.npmrc
5 silly config load:file:/Users/gersonbarrientos/.npmrc
6 silly config load:file:/opt/homebrew/etc/npmrc
7 verbose title npm install
8 verbose argv "install"
9 verbose logfile logs-max:10 dir:/Users/gersonbarrientos/Documents/GitHub/Mood Brew/.npm-cache/_logs/2026-05-17T20_18_57_056Z-
10 verbose logfile /Users/gersonbarrientos/Documents/GitHub/Mood Brew/.npm-cache/_logs/2026-05-17T20_18_57_056Z-debug-0.log
11 silly logfile done cleaning log files
12 silly packumentCache heap:2348810240 maxSize:587202560 maxEntrySize:293601280
13 silly idealTree buildDeps
14 silly fetch manifest @types/node@^22.17.2
15 silly packumentCache full:https://registry.npmjs.org/@types%2fnode cache-miss
16 http fetch GET 200 https://registry.npmjs.org/@types%2fnode 554ms (cache miss)
17 silly packumentCache full:https://registry.npmjs.org/@types%2fnode set size:undefined disposed:false
18 silly placeDep ROOT @types/node@22.19.19 OK for: mood-brew@0.0.0 want: ^22.17.2
19 silly fetch manifest undici-types@~6.21.0
20 silly packumentCache full:https://registry.npmjs.org/undici-types cache-miss
21 http fetch GET 200 https://registry.npmjs.org/undici-types 48ms (cache miss)
22 silly packumentCache full:https://registry.npmjs.org/undici-types set size:undefined disposed:false
23 silly placeDep ROOT undici-types@6.21.0 OK for: @types/node@22.19.19 want: ~6.21.0
24 silly reify moves {}
25 silly audit bulk request {
25 silly audit   '@alloc/quick-lru': [ '5.2.0' ],
25 silly audit   '@babel/code-frame': [ '7.29.0' ],
25 silly audit   '@babel/compat-data': [ '7.29.3' ],
25 silly audit   '@babel/core': [ '7.29.0' ],
25 silly audit   '@babel/generator': [ '7.29.1' ],
25 silly audit   '@babel/helper-compilation-targets': [ '7.28.6' ],
25 silly audit   '@babel/helper-globals': [ '7.28.0' ],
25 silly audit   '@babel/helper-module-imports': [ '7.28.6' ],
25 silly audit   '@babel/helper-module-transforms': [ '7.28.6' ],
25 silly audit   '@babel/helper-plugin-utils': [ '7.28.6' ],
25 silly audit   '@babel/helper-string-parser': [ '7.27.1' ],
25 silly audit   '@babel/helper-validator-identifier': [ '7.28.5' ],
25 silly audit   '@babel/helper-validator-option': [ '7.27.1' ],
25 silly audit   '@babel/helpers': [ '7.29.2' ],
25 silly audit   '@babel/parser': [ '7.29.3' ],
25 silly audit   '@babel/plugin-transform-react-jsx-self': [ '7.27.1' ],
25 silly audit   '@babel/plugin-transform-react-jsx-source': [ '7.27.1' ],
25 silly audit   '@babel/template': [ '7.28.6' ],
25 silly audit   '@babel/traverse': [ '7.29.0' ],
25 silly audit   '@babel/types': [ '7.29.0' ],
25 silly audit   '@esbuild/aix-ppc64': [ '0.27.7' ],
25 silly audit   '@esbuild/android-arm': [ '0.27.7' ],
25 silly audit   '@esbuild/android-arm64': [ '0.27.7' ],
25 silly audit   '@esbuild/android-x64': [ '0.27.7' ],
25 silly audit   '@esbuild/darwin-arm64': [ '0.27.7' ],
25 silly audit   '@esbuild/darwin-x64': [ '0.27.7' ],
25 silly audit   '@esbuild/freebsd-arm64': [ '0.27.7' ],
25 silly audit   '@esbuild/freebsd-x64': [ '0.27.7' ],
25 silly audit   '@esbuild/linux-arm': [ '0.27.7' ],
25 silly audit   '@esbuild/linux-arm64': [ '0.27.7' ],
25 silly audit   '@esbuild/linux-ia32': [ '0.27.7' ],
25 silly audit   '@esbuild/linux-loong64': [ '0.27.7' ],
25 silly audit   '@esbuild/linux-mips64el': [ '0.27.7' ],
25 silly audit   '@esbuild/linux-ppc64': [ '0.27.7' ],
25 silly audit   '@esbuild/linux-riscv64': [ '0.27.7' ],
25 silly audit   '@esbuild/linux-s390x': [ '0.27.7' ],
25 silly audit   '@esbuild/linux-x64': [ '0.27.7' ],
25 silly audit   '@esbuild/netbsd-arm64': [ '0.27.7' ],
25 silly audit   '@esbuild/netbsd-x64': [ '0.27.7' ],
25 silly audit   '@esbuild/openbsd-arm64': [ '0.27.7' ],
25 silly audit   '@esbuild/openbsd-x64': [ '0.27.7' ],
25 silly audit   '@esbuild/openharmony-arm64': [ '0.27.7' ],
25 silly audit   '@esbuild/sunos-x64': [ '0.27.7' ],
25 silly audit   '@esbuild/win32-arm64': [ '0.27.7' ],
25 silly audit   '@esbuild/win32-ia32': [ '0.27.7' ],
25 silly audit   '@esbuild/win32-x64': [ '0.27.7' ],
25 silly audit   '@jridgewell/gen-mapping': [ '0.3.13' ],
25 silly audit   '@jridgewell/remapping': [ '2.3.5' ],
25 silly audit   '@jridgewell/resolve-uri': [ '3.1.2' ],
25 silly audit   '@jridgewell/sourcemap-codec': [ '1.5.5' ],
25 silly audit   '@jridgewell/trace-mapping': [ '0.3.31' ],
25 silly audit   '@nodelib/fs.scandir': [ '2.1.5' ],
25 silly audit   '@nodelib/fs.stat': [ '2.0.5' ],
25 silly audit   '@nodelib/fs.walk': [ '1.2.8' ],
25 silly audit   '@rolldown/pluginutils': [ '1.0.0-beta.27' ],
25 silly audit   '@rollup/rollup-android-arm-eabi': [ '4.60.4' ],
25 silly audit   '@rollup/rollup-android-arm64': [ '4.60.4' ],
25 silly audit   '@rollup/rollup-darwin-arm64': [ '4.60.4' ],
25 silly audit   '@rollup/rollup-darwin-x64': [ '4.60.4' ],
25 silly audit   '@rollup/rollup-freebsd-arm64': [ '4.60.4' ],
25 silly audit   '@rollup/rollup-freebsd-x64': [ '4.60.4' ],
25 silly audit   '@rollup/rollup-linux-arm-gnueabihf': [ '4.60.4' ],
25 silly audit   '@rollup/rollup-linux-arm-musleabihf': [ '4.60.4' ],
25 silly audit   '@rollup/rollup-linux-arm64-gnu': [ '4.60.4' ],
25 silly audit   '@rollup/rollup-linux-arm64-musl': [ '4.60.4' ],
25 silly audit   '@rollup/rollup-linux-loong64-gnu': [ '4.60.4' ],
25 silly audit   '@rollup/rollup-linux-loong64-musl': [ '4.60.4' ],
25 silly audit   '@rollup/rollup-linux-ppc64-gnu': [ '4.60.4' ],
25 silly audit   '@rollup/rollup-linux-ppc64-musl': [ '4.60.4' ],
25 silly audit   '@rollup/rollup-linux-riscv64-gnu': [ '4.60.4' ],
25 silly audit   '@rollup/rollup-linux-riscv64-musl': [ '4.60.4' ],
25 silly audit   '@rollup/rollup-linux-s390x-gnu': [ '4.60.4' ],
25 silly audit   '@rollup/rollup-linux-x64-gnu': [ '4.60.4' ],
25 silly audit   '@rollup/rollup-linux-x64-musl': [ '4.60.4' ],
25 silly audit   '@rollup/rollup-openbsd-x64': [ '4.60.4' ],
25 silly audit   '@rollup/rollup-openharmony-arm64': [ '4.60.4' ],
25 silly audit   '@rollup/rollup-win32-arm64-msvc': [ '4.60.4' ],
25 silly audit   '@rollup/rollup-win32-ia32-msvc': [ '4.60.4' ],
25 silly audit   '@rollup/rollup-win32-x64-gnu': [ '4.60.4' ],
25 silly audit   '@rollup/rollup-win32-x64-msvc': [ '4.60.4' ],
25 silly audit   '@types/babel__core': [ '7.20.5' ],
25 silly audit   '@types/babel__generator': [ '7.27.0' ],
25 silly audit   '@types/babel__template': [ '7.4.4' ],
25 silly audit   '@types/babel__traverse': [ '7.28.0' ],
25 silly audit   '@types/estree': [ '1.0.8' ],
25 silly audit   '@types/react': [ '19.2.14' ],
25 silly audit   '@types/react-dom': [ '19.2.3' ],
25 silly audit   '@vitejs/plugin-react': [ '4.7.0' ],
25 silly audit   'any-promise': [ '1.3.0' ],
25 silly audit   anymatch: [ '3.1.3' ],
25 silly audit   arg: [ '5.0.2' ],
25 silly audit   autoprefixer: [ '10.4.20' ],
25 silly audit   'baseline-browser-mapping': [ '2.10.30' ],
25 silly audit   'binary-extensions': [ '2.3.0' ],
25 silly audit   braces: [ '3.0.3' ],
25 silly audit   browserslist: [ '4.28.2' ],
25 silly audit   'camelcase-css': [ '2.0.1' ],
25 silly audit   'caniuse-lite': [ '1.0.30001793' ],
25 silly audit   chokidar: [ '3.6.0' ],
25 silly audit   'glob-parent': [ '5.1.2', '6.0.2' ],
25 silly audit   commander: [ '4.1.1' ],
25 silly audit   'convert-source-map': [ '2.0.0' ],
25 silly audit   cssesc: [ '3.0.0' ],
25 silly audit   csstype: [ '3.2.3' ],
25 silly audit   debug: [ '4.4.3' ],
25 silly audit   didyoumean: [ '1.2.2' ],
25 silly audit   dlv: [ '1.1.3' ],
25 silly audit   'electron-to-chromium': [ '1.5.357' ],
25 silly audit   'es-errors': [ '1.3.0' ],
25 silly audit   esbuild: [ '0.27.7' ],
25 silly audit   escalade: [ '3.2.0' ],
25 silly audit   'fast-glob': [ '3.3.3' ],
25 silly audit   fastq: [ '1.20.1' ],
25 silly audit   fdir: [ '6.5.0' ],
25 silly audit   'fill-range': [ '7.1.1' ],
25 silly audit   'fraction.js': [ '4.3.7' ],
25 silly audit   fsevents: [ '2.3.3' ],
25 silly audit   'function-bind': [ '1.1.2' ],
25 silly audit   gensync: [ '1.0.0-beta.2' ],
25 silly audit   hasown: [ '2.0.3' ],
25 silly audit   'is-binary-path': [ '2.1.0' ],
25 silly audit   'is-core-module': [ '2.16.2' ],
25 silly audit   'is-extglob': [ '2.1.1' ],
25 silly audit   'is-glob': [ '4.0.3' ],
25 silly audit   'is-number': [ '7.0.0' ],
25 silly audit   jiti: [ '1.21.7' ],
25 silly audit   'js-tokens': [ '4.0.0' ],
25 silly audit   jsesc: [ '3.1.0' ],
25 silly audit   json5: [ '2.2.3' ],
25 silly audit   lilconfig: [ '3.1.3' ],
25 silly audit   'lines-and-columns': [ '1.2.4' ],
25 silly audit   'lru-cache': [ '5.1.1' ],
25 silly audit   merge2: [ '1.4.1' ],
25 silly audit   micromatch: [ '4.0.8' ],
25 silly audit   ms: [ '2.1.3' ],
25 silly audit   mz: [ '2.7.0' ],
25 silly audit   nanoid: [ '3.3.12' ],
25 silly audit   'node-releases': [ '2.0.44' ],
25 silly audit   'normalize-path': [ '3.0.0' ],
25 silly audit   'normalize-range': [ '0.1.2' ],
25 silly audit   'object-assign': [ '4.1.1' ],
25 silly audit   'object-hash': [ '3.0.0' ],
25 silly audit   'path-parse': [ '1.0.7' ],
25 silly audit   picocolors: [ '1.1.1' ],
25 silly audit   picomatch: [ '2.3.2', '4.0.4' ],
25 silly audit   pify: [ '2.3.0' ],
25 silly audit   pirates: [ '4.0.7' ],
25 silly audit   postcss: [ '8.4.49', '8.5.14' ],
25 silly audit   'postcss-import': [ '15.1.0' ],
25 silly audit   'postcss-js': [ '4.1.0' ],
25 silly audit   'postcss-load-config': [ '6.0.1' ],
25 silly audit   'postcss-nested': [ '6.2.0' ],
25 silly audit   'postcss-selector-parser': [ '6.1.2' ],
25 silly audit   'postcss-value-parser': [ '4.2.0' ],
25 silly audit   'queue-microtask': [ '1.2.3' ],
25 silly audit   react: [ '19.2.6' ],
25 silly audit   'react-dom': [ '19.2.6' ],
25 silly audit   'react-refresh': [ '0.17.0' ],
25 silly audit   'read-cache': [ '1.0.0' ],
25 silly audit   readdirp: [ '3.6.0' ],
25 silly audit   resolve: [ '1.22.12' ],
25 silly audit   reusify: [ '1.1.0' ],
25 silly audit   rollup: [ '4.60.4' ],
25 silly audit   'run-parallel': [ '1.2.0' ],
25 silly audit   scheduler: [ '0.27.0' ],
25 silly audit   semver: [ '6.3.1' ],
25 silly audit   'source-map-js': [ '1.2.1' ],
25 silly audit   sucrase: [ '3.35.1' ],
25 silly audit   'supports-preserve-symlinks-flag': [ '1.0.0' ],
25 silly audit   tailwindcss: [ '3.4.19' ],
25 silly audit   thenify: [ '3.3.1' ],
25 silly audit   'thenify-all': [ '1.6.0' ],
25 silly audit   tinyglobby: [ '0.2.16' ],
25 silly audit   'to-regex-range': [ '5.0.1' ],
25 silly audit   'ts-interface-checker': [ '0.1.13' ],
25 silly audit   typescript: [ '5.9.3' ],
25 silly audit   'update-browserslist-db': [ '1.2.3' ],
25 silly audit   'util-deprecate': [ '1.0.2' ],
25 silly audit   vite: [ '7.3.3' ],
25 silly audit   yallist: [ '3.1.1' ],
25 silly audit   '@types/node': [ '22.19.19' ],
25 silly audit   'undici-types': [ '6.21.0' ]
25 silly audit }
26 http cache undici-types@https://registry.npmjs.org/undici-types/-/undici-types-6.21.0.tgz 1ms (cache hit)
27 http cache @types/node@https://registry.npmjs.org/@types/node/-/node-22.19.19.tgz 0ms (cache hit)
28 silly tarball no local data for undici-types@https://registry.npmjs.org/undici-types/-/undici-types-6.21.0.tgz. Extracting by manifest.
29 silly tarball no local data for @types/node@https://registry.npmjs.org/@types/node/-/node-22.19.19.tgz. Extracting by manifest.
30 http fetch POST 200 https://registry.npmjs.org/-/npm/v1/security/advisories/bulk 53ms
31 silly audit report {
31 silly audit report   postcss: [
31 silly audit report     {
31 silly audit report       id: 1117015,
31 silly audit report       url: 'https://github.com/advisories/GHSA-qx2v-qp2m-jg93',
31 silly audit report       title: 'PostCSS has XSS via Unescaped </style> in its CSS Stringify Output',
31 silly audit report       severity: 'moderate',
31 silly audit report       vulnerable_versions: '<8.5.10',
31 silly audit report       cwe: [Array],
31 silly audit report       cvss: [Object]
31 silly audit report     }
31 silly audit report   ]
31 silly audit report }
32 silly packumentCache corgi:https://registry.npmjs.org/postcss cache-miss
33 http cache https://registry.npmjs.org/postcss 4ms (cache hit)
34 silly packumentCache corgi:https://registry.npmjs.org/postcss set size:343873 disposed:false
35 silly packumentCache corgi:https://registry.npmjs.org/tailwindcss cache-miss
36 http cache https://registry.npmjs.org/tailwindcss 8ms (cache hit)
37 silly packumentCache corgi:https://registry.npmjs.org/tailwindcss set size:4700937 disposed:false
38 http fetch GET 200 https://registry.npmjs.org/undici-types/-/undici-types-6.21.0.tgz 104ms (cache miss)
39 http fetch GET 200 https://registry.npmjs.org/@types/node/-/node-22.19.19.tgz 153ms (cache miss)
40 silly ADD node_modules/undici-types
41 silly ADD node_modules/@types/node
42 verbose cwd /Users/gersonbarrientos/Documents/GitHub/Mood Brew
43 verbose os Darwin 25.4.0
44 verbose node v24.8.0
45 verbose npm  v11.6.0
46 verbose exit 0
47 info ok
